10, 10, 10, 10, 10, 10, 10, 10, 10, 10, 0, 0, 0, 1, 1, 1, 2, 2, 2, 3
10, 10, 10, 10, 10, 10, 10, 10, 10, 10, 0, 0, 0, 1, 1, 1, 2, 2, 2, 3, 
, , , , , , , , , , abca, abca, abca, abcaa, abcaa, abcaa, abcaaa, abcaaa, abcaaa, abcaaaa
11, 11, 11, 11, 11, 11, 11, 11, 11, 11, 1, 1, 1, 2, 2, 2, 3, 3, 3, 4, 
arr4 = Axis Lengths: [1, 20]  (NB: Matrix in Row/Column order)
[z, z, z, z, z, z, z, z, z, z, z, z, z, z, z, z, z, z, z, z]

arr4 = Axis Lengths: [1, 20]  (NB: Matrix in Row/Column order)
[z, z, z, z, z, z, z, z, z, z, z, z, z, z, z, z, z, z, z, z]

arr4 = Axis Lengths: [1, 20]  (NB: Matrix in Row/Column order)
[z, a, z, z, z, z, z, z, z, z, z, z, z, z, z, z, z, z, z, z]

arr4 = Axis Lengths: [1, 20]  (NB: Matrix in Row/Column order)
[z, a, a, a, a, a, a, a, a, a, a, a, a, a, a, a, a, a, a, a]

#Rows 20
(-1.4013e-45, -1.4013e-45), (2, 0), (2, 0), (4, 0), (4, 0), (6, 0), (6, 0), (8, 0), (8, 0), (10, 0), (10, 0), (12, 0), (12, 0), (14, 0), (14, 0), (16, 0), (16, 0), (18, 0), (18, 0), (20, 0)
0, 1, 2, 3, 4, 5, 6, 7, 8, 9, 10, 11, 12, 13, 14, 15, 16, 17, 18, 19
11, 11, 11, 11, 11, 11, 11, 11, 11, 11, 1, 1, 1, 2, 2, 2, 3, 3, 3, 4
, , , , , , , , , , abca, abca, abca, abcaa, abcaa, abcaa, abcaaa, abcaaa, abcaaa, abcaaaa
Ndim=3 Axis Lengths: [2, 3, 4] 
[0, 0, 0][432, 433]
[0, 1, 0][434, 435]
[0, 2, 0][436, 437]
[0, 0, 1][438, 439]
[0, 1, 1][440, 441]
[0, 2, 1][442, 443]
[0, 0, 2][444, 445]
[0, 1, 2][446, 447]
[0, 2, 2][448, 449]
[0, 0, 3][450, 451]
[0, 1, 3][452, 453]
[0, 2, 3][454, 455]

Ndim=3 Axis Lengths: [2, 3, 4] 
[0, 0, 0][408, 409]
[0, 1, 0][410, 411]
[0, 2, 0][412, 413]
[0, 0, 1][414, 415]
[0, 1, 1][416, 417]
[0, 2, 1][418, 419]
[0, 0, 2][420, 421]
[0, 1, 2][422, 423]
[0, 2, 2][424, 425]
[0, 0, 3][426, 427]
[0, 1, 3][428, 429]
[0, 2, 3][430, 431]

Ndim=3 Axis Lengths: [2, 3, 4] 
[0, 0, 0][408, 409]
[0, 1, 0][410, 411]
[0, 2, 0][412, 413]
[0, 0, 1][414, 415]
[0, 1, 1][416, 417]
[0, 2, 1][418, 419]
[0, 0, 2][420, 421]
[0, 1, 2][422, 423]
[0, 2, 2][424, 425]
[0, 0, 3][426, 427]
[0, 1, 3][428, 429]
[0, 2, 3][430, 431]

10, 10, 10, 10, 10, 10, 10, 10, 10, 10, 0, 0, 0, 1, 1, 1, 2, 2, 2, 3
10, 10, 10, 10, 10, 10, 10, 10, 10, 10, 0, 0, 0, 1, 1, 1, 2, 2, 2, 3, 
, , , , , , , , , , abca, abca, abca, abcaa, abcaa, abcaa, abcaaa, abcaaa, abcaaa, abcaaaa
11, 11, 11, 11, 11, 11, 11, 11, 11, 11, 1, 1, 1, 2, 2, 2, 3, 3, 3, 4, 
arr4 = Axis Lengths: [1, 20]  (NB: Matrix in Row/Column order)
[z, z, z, z, z, z, z, z, z, z, z, z, z, z, z, z, z, z, z, z]

arr4 = Axis Lengths: [1, 20]  (NB: Matrix in Row/Column order)
[z, z, z, z, z, z, z, z, z, z, z, z, z, z, z, z, z, z, z, z]

arr4 = Axis Lengths: [1, 20]  (NB: Matrix in Row/Column order)
[z, a, z, z, z, z, z, z, z, z, z, z, z, z, z, z, z, z, z, z]

arr4 = Axis Lengths: [1, 20]  (NB: Matrix in Row/Column order)
[z, a, a, a, a, a, a, a, a, a, a, a, a, a, a, a, a, a, a, a]

#Rows 20
(-1.4013e-45, -1.4013e-45), (2, 0), (2, 0), (4, 0), (4, 0), (6, 0), (6, 0), (8, 0), (8, 0), (10, 0), (10, 0), (12, 0), (12, 0), (14, 0), (14, 0), (16, 0), (16, 0), (18, 0), (18, 0), (20, 0)
0, 1, 2, 3, 4, 5, 6, 7, 8, 9, 10, 11, 12, 13, 14, 15, 16, 17, 18, 19
11, 11, 11, 11, 11, 11, 11, 11, 11, 11, 1, 1, 1, 2, 2, 2, 3, 3, 3, 4
, , , , , , , , , , abca, abca, abca, abcaa, abcaa, abcaa, abcaaa, abcaaa, abcaaa, abcaaaa
Ndim=3 Axis Lengths: [2, 3, 4] 
[0, 0, 0][432, 433]
[0, 1, 0][434, 435]
[0, 2, 0][436, 437]
[0, 0, 1][438, 439]
[0, 1, 1][440, 441]
[0, 2, 1][442, 443]
[0, 0, 2][444, 445]
[0, 1, 2][446, 447]
[0, 2, 2][448, 449]
[0, 0, 3][450, 451]
[0, 1, 3][452, 453]
[0, 2, 3][454, 455]

Ndim=3 Axis Lengths: [2, 3, 4] 
[0, 0, 0][408, 409]
[0, 1, 0][410, 411]
[0, 2, 0][412, 413]
[0, 0, 1][414, 415]
[0, 1, 1][416, 417]
[0, 2, 1][418, 419]
[0, 0, 2][420, 421]
[0, 1, 2][422, 423]
[0, 2, 2][424, 425]
[0, 0, 3][426, 427]
[0, 1, 3][428, 429]
[0, 2, 3][430, 431]

Ndim=3 Axis Lengths: [2, 3, 4] 
[0, 0, 0][408, 409]
[0, 1, 0][410, 411]
[0, 2, 0][412, 413]
[0, 0, 1][414, 415]
[0, 1, 1][416, 417]
[0, 2, 1][418, 419]
[0, 0, 2][420, 421]
[0, 1, 2][422, 423]
[0, 2, 2][424, 425]
[0, 0, 3][426, 427]
[0, 1, 3][428, 429]
[0, 2, 3][430, 431]

10, 10, 10, 10, 10, 10, 10, 10, 10, 10, 0, 0, 0, 1, 1, 1, 2, 2, 2, 3
10, 10, 10, 10, 10, 10, 10, 10, 10, 10, 0, 0, 0, 1, 1, 1, 2, 2, 2, 3, 
, , , , , , , , , , abca, abca, abca, abcaa, abcaa, abcaa, abcaaa, abcaaa, abcaaa, abcaaaa
11, 11, 11, 11, 11, 11, 11, 11, 11, 11, 1, 1, 1, 2, 2, 2, 3, 3, 3, 4, 
arr4 = Axis Lengths: [1, 20]  (NB: Matrix in Row/Column order)
[z, z, z, z, z, z, z, z, z, z, z, z, z, z, z, z, z, z, z, z]

arr4 = Axis Lengths: [1, 20]  (NB: Matrix in Row/Column order)
[z, z, z, z, z, z, z, z, z, z, z, z, z, z, z, z, z, z, z, z]

arr4 = Axis Lengths: [1, 20]  (NB: Matrix in Row/Column order)
[z, a, z, z, z, z, z, z, z, z, z, z, z, z, z, z, z, z, z, z]

arr4 = Axis Lengths: [1, 20]  (NB: Matrix in Row/Column order)
[z, a, a, a, a, a, a, a, a, a, a, a, a, a, a, a, a, a, a, a]

#Rows 20
(-1.4013e-45, -1.4013e-45), (2, 0), (2, 0), (4, 0), (4, 0), (6, 0), (6, 0), (8, 0), (8, 0), (10, 0), (10, 0), (12, 0), (12, 0), (14, 0), (14, 0), (16, 0), (16, 0), (18, 0), (18, 0), (20, 0)
0, 1, 2, 3, 4, 5, 6, 7, 8, 9, 10, 11, 12, 13, 14, 15, 16, 17, 18, 19
11, 11, 11, 11, 11, 11, 11, 11, 11, 11, 1, 1, 1, 2, 2, 2, 3, 3, 3, 4
, , , , , , , , , , abca, abca, abca, abcaa, abcaa, abcaa, abcaaa, abcaaa, abcaaa, abcaaaa
Ndim=3 Axis Lengths: [2, 3, 4] 
[0, 0, 0][432, 433]
[0, 1, 0][434, 435]
[0, 2, 0][436, 437]
[0, 0, 1][438, 439]
[0, 1, 1][440, 441]
[0, 2, 1][442, 443]
[0, 0, 2][444, 445]
[0, 1, 2][446, 447]
[0, 2, 2][448, 449]
[0, 0, 3][450, 451]
[0, 1, 3][452, 453]
[0, 2, 3][454, 455]

Ndim=3 Axis Lengths: [2, 3, 4] 
[0, 0, 0][408, 409]
[0, 1, 0][410, 411]
[0, 2, 0][412, 413]
[0, 0, 1][414, 415]
[0, 1, 1][416, 417]
[0, 2, 1][418, 419]
[0, 0, 2][420, 421]
[0, 1, 2][422, 423]
[0, 2, 2][424, 425]
[0, 0, 3][426, 427]
[0, 1, 3][428, 429]
[0, 2, 3][430, 431]

Ndim=3 Axis Lengths: [2, 3, 4] 
[0, 0, 0][408, 409]
[0, 1, 0][410, 411]
[0, 2, 0][412, 413]
[0, 0, 1][414, 415]
[0, 1, 1][416, 417]
[0, 2, 1][418, 419]
[0, 0, 2][420, 421]
[0, 1, 2][422, 423]
[0, 2, 2][424, 425]
[0, 0, 3][426, 427]
[0, 1, 3][428, 429]
[0, 2, 3][430, 431]

10, 10, 10, 10, 10, 10, 10, 10, 10, 10, 0, 0, 0, 1, 1, 1, 2, 2, 2, 3
10, 10, 10, 10, 10, 10, 10, 10, 10, 10, 0, 0, 0, 1, 1, 1, 2, 2, 2, 3, 
, , , , , , , , , , abca, abca, abca, abcaa, abcaa, abcaa, abcaaa, abcaaa, abcaaa, abcaaaa
11, 11, 11, 11, 11, 11, 11, 11, 11, 11, 1, 1, 1, 2, 2, 2, 3, 3, 3, 4, 
arr4 = Axis Lengths: [1, 20]  (NB: Matrix in Row/Column order)
[z, z, z, z, z, z, z, z, z, z, z, z, z, z, z, z, z, z, z, z]

arr4 = Axis Lengths: [1, 20]  (NB: Matrix in Row/Column order)
[z, z, z, z, z, z, z, z, z, z, z, z, z, z, z, z, z, z, z, z]

arr4 = Axis Lengths: [1, 20]  (NB: Matrix in Row/Column order)
[z, a, z, z, z, z, z, z, z, z, z, z, z, z, z, z, z, z, z, z]

arr4 = Axis Lengths: [1, 20]  (NB: Matrix in Row/Column order)
[z, a, a, a, a, a, a, a, a, a, a, a, a, a, a, a, a, a, a, a]

#Rows 20
(-1.4013e-45, -1.4013e-45), (2, 0), (2, 0), (4, 0), (4, 0), (6, 0), (6, 0), (8, 0), (8, 0), (10, 0), (10, 0), (12, 0), (12, 0), (14, 0), (14, 0), (16, 0), (16, 0), (18, 0), (18, 0), (20, 0)
0, 1, 2, 3, 4, 5, 6, 7, 8, 9, 10, 11, 12, 13, 14, 15, 16, 17, 18, 19
11, 11, 11, 11, 11, 11, 11, 11, 11, 11, 1, 1, 1, 2, 2, 2, 3, 3, 3, 4
, , , , , , , , , , abca, abca, abca, abcaa, abcaa, abcaa, abcaaa, abcaaa, abcaaa, abcaaaa
Ndim=3 Axis Lengths: [2, 3, 4] 
[0, 0, 0][432, 433]
[0, 1, 0][434, 435]
[0, 2, 0][436, 437]
[0, 0, 1][438, 439]
[0, 1, 1][440, 441]
[0, 2, 1][442, 443]
[0, 0, 2][444, 445]
[0, 1, 2][446, 447]
[0, 2, 2][448, 449]
[0, 0, 3][450, 451]
[0, 1, 3][452, 453]
[0, 2, 3][454, 455]

Ndim=3 Axis Lengths: [2, 3, 4] 
[0, 0, 0][408, 409]
[0, 1, 0][410, 411]
[0, 2, 0][412, 413]
[0, 0, 1][414, 415]
[0, 1, 1][416, 417]
[0, 2, 1][418, 419]
[0, 0, 2][420, 421]
[0, 1, 2][422, 423]
[0, 2, 2][424, 425]
[0, 0, 3][426, 427]
[0, 1, 3][428, 429]
[0, 2, 3][430, 431]

Ndim=3 Axis Lengths: [2, 3, 4] 
[0, 0, 0][408, 409]
[0, 1, 0][410, 411]
[0, 2, 0][412, 413]
[0, 0, 1][414, 415]
[0, 1, 1][416, 417]
[0, 2, 1][418, 419]
[0, 0, 2][420, 421]
[0, 1, 2][422, 423]
[0, 2, 2][424, 425]
[0, 0, 3][426, 427]
[0, 1, 3][428, 429]
[0, 2, 3][430, 431]

10, 10, 10, 10, 10, 10, 10, 10, 10, 10, 0, 0, 0, 1, 1, 1, 2, 2, 2, 3
10, 10, 10, 10, 10, 10, 10, 10, 10, 10, 0, 0, 0, 1, 1, 1, 2, 2, 2, 3, 
, , , , , , , , , , abca, abca, abca, abcaa, abcaa, abcaa, abcaaa, abcaaa, abcaaa, abcaaaa
11, 11, 11, 11, 11, 11, 11, 11, 11, 11, 1, 1, 1, 2, 2, 2, 3, 3, 3, 4, 
arr4 = Axis Lengths: [1, 20]  (NB: Matrix in Row/Column order)
[z, z, z, z, z, z, z, z, z, z, z, z, z, z, z, z, z, z, z, z]

arr4 = Axis Lengths: [1, 20]  (NB: Matrix in Row/Column order)
[z, z, z, z, z, z, z, z, z, z, z, z, z, z, z, z, z, z, z, z]

arr4 = Axis Lengths: [1, 20]  (NB: Matrix in Row/Column order)
[z, a, z, z, z, z, z, z, z, z, z, z, z, z, z, z, z, z, z, z]

arr4 = Axis Lengths: [1, 20]  (NB: Matrix in Row/Column order)
[z, a, a, a, a, a, a, a, a, a, a, a, a, a, a, a, a, a, a, a]

#Rows 20
(-1.4013e-45, -1.4013e-45), (2, 0), (2, 0), (4, 0), (4, 0), (6, 0), (6, 0), (8, 0), (8, 0), (10, 0), (10, 0), (12, 0), (12, 0), (14, 0), (14, 0), (16, 0), (16, 0), (18, 0), (18, 0), (20, 0)
0, 1, 2, 3, 4, 5, 6, 7, 8, 9, 10, 11, 12, 13, 14, 15, 16, 17, 18, 19
11, 11, 11, 11, 11, 11, 11, 11, 11, 11, 1, 1, 1, 2, 2, 2, 3, 3, 3, 4
, , , , , , , , , , abca, abca, abca, abcaa, abcaa, abcaa, abcaaa, abcaaa, abcaaa, abcaaaa
Ndim=3 Axis Lengths: [2, 3, 4] 
[0, 0, 0][432, 433]
[0, 1, 0][434, 435]
[0, 2, 0][436, 437]
[0, 0, 1][438, 439]
[0, 1, 1][440, 441]
[0, 2, 1][442, 443]
[0, 0, 2][444, 445]
[0, 1, 2][446, 447]
[0, 2, 2][448, 449]
[0, 0, 3][450, 451]
[0, 1, 3][452, 453]
[0, 2, 3][454, 455]

Ndim=3 Axis Lengths: [2, 3, 4] 
[0, 0, 0][408, 409]
[0, 1, 0][410, 411]
[0, 2, 0][412, 413]
[0, 0, 1][414, 415]
[0, 1, 1][416, 417]
[0, 2, 1][418, 419]
[0, 0, 2][420, 421]
[0, 1, 2][422, 423]
[0, 2, 2][424, 425]
[0, 0, 3][426, 427]
[0, 1, 3][428, 429]
[0, 2, 3][430, 431]

Ndim=3 Axis Lengths: [2, 3, 4] 
[0, 0, 0][408, 409]
[0, 1, 0][410, 411]
[0, 2, 0][412, 413]
[0, 0, 1][414, 415]
[0, 1, 1][416, 417]
[0, 2, 1][418, 419]
[0, 0, 2][420, 421]
[0, 1, 2][422, 423]
[0, 2, 2][424, 425]
[0, 0, 3][426, 427]
[0, 1, 3][428, 429]
[0, 2, 3][430, 431]

10, 10, 10, 10, 10, 10, 10, 10, 10, 10, 0, 0, 0, 1, 1, 1, 2, 2, 2, 3
10, 10, 10, 10, 10, 10, 10, 10, 10, 10, 0, 0, 0, 1, 1, 1, 2, 2, 2, 3, 
, , , , , , , , , , abca, abca, abca, abcaa, abcaa, abcaa, abcaaa, abcaaa, abcaaa, abcaaaa
11, 11, 11, 11, 11, 11, 11, 11, 11, 11, 1, 1, 1, 2, 2, 2, 3, 3, 3, 4, 
arr4 = Axis Lengths: [1, 20]  (NB: Matrix in Row/Column order)
[z, z, z, z, z, z, z, z, z, z, z, z, z, z, z, z, z, z, z, z]

arr4 = Axis Lengths: [1, 20]  (NB: Matrix in Row/Column order)
[z, z, z, z, z, z, z, z, z, z, z, z, z, z, z, z, z, z, z, z]

arr4 = Axis Lengths: [1, 20]  (NB: Matrix in Row/Column order)
[z, a, z, z, z, z, z, z, z, z, z, z, z, z, z, z, z, z, z, z]

arr4 = Axis Lengths: [1, 20]  (NB: Matrix in Row/Column order)
[z, a, a, a, a, a, a, a, a, a, a, a, a, a, a, a, a, a, a, a]

#Rows 20
(-1.4013e-45, -1.4013e-45), (2, 0), (2, 0), (4, 0), (4, 0), (6, 0), (6, 0), (8, 0), (8, 0), (10, 0), (10, 0), (12, 0), (12, 0), (14, 0), (14, 0), (16, 0), (16, 0), (18, 0), (18, 0), (20, 0)
0, 1, 2, 3, 4, 5, 6, 7, 8, 9, 10, 11, 12, 13, 14, 15, 16, 17, 18, 19
11, 11, 11, 11, 11, 11, 11, 11, 11, 11, 1, 1, 1, 2, 2, 2, 3, 3, 3, 4
, , , , , , , , , , abca, abca, abca, abcaa, abcaa, abcaa, abcaaa, abcaaa, abcaaa, abcaaaa
Ndim=3 Axis Lengths: [2, 3, 4] 
[0, 0, 0][432, 433]
[0, 1, 0][434, 435]
[0, 2, 0][436, 437]
[0, 0, 1][438, 439]
[0, 1, 1][440, 441]
[0, 2, 1][442, 443]
[0, 0, 2][444, 445]
[0, 1, 2][446, 447]
[0, 2, 2][448, 449]
[0, 0, 3][450, 451]
[0, 1, 3][452, 453]
[0, 2, 3][454, 455]

Ndim=3 Axis Lengths: [2, 3, 4] 
[0, 0, 0][408, 409]
[0, 1, 0][410, 411]
[0, 2, 0][412, 413]
[0, 0, 1][414, 415]
[0, 1, 1][416, 417]
[0, 2, 1][418, 419]
[0, 0, 2][420, 421]
[0, 1, 2][422, 423]
[0, 2, 2][424, 425]
[0, 0, 3][426, 427]
[0, 1, 3][428, 429]
[0, 2, 3][430, 431]

Ndim=3 Axis Lengths: [2, 3, 4] 
[0, 0, 0][408, 409]
[0, 1, 0][410, 411]
[0, 2, 0][412, 413]
[0, 0, 1][414, 415]
[0, 1, 1][416, 417]
[0, 2, 1][418, 419]
[0, 0, 2][420, 421]
[0, 1, 2][422, 423]
[0, 2, 2][424, 425]
[0, 0, 3][426, 427]
[0, 1, 3][428, 429]
[0, 2, 3][430, 431]

