testing the MLCG generator
random integers, floats & doubles
0: 4ffb0fe8: 0.951057: 0.568199365685
1: 7d0a8f71: 0.990539: 0.478558829083
2: 615c0703: 0.988474: 0.685491565147
3: 1d66a4ae: 0.0601412: 0.911177717968
resetting the generator. Should get the same numbers
0: 4ffb0fe8: 0.951057: 0.568199365685
1: 7d0a8f71: 0.990539: 0.478558829083
2: 615c0703: 0.988474: 0.685491565147
3: 1d66a4ae: 0.0601412: 0.911177717968
Using a different seed
0: 3e84478b: 0.916736: 0.219476846598
1: 3d4139c3: 0.114195: 0.0778288743032
2: 6636898c: 0.175281: 0.637837524635
3: 319ee548: 0.559797: 0.31682535589
resetting the generator. Should get the same numbers
0: 3e84478b: 0.916736: 0.219476846598
1: 3d4139c3: 0.114195: 0.0778288743032
2: 6636898c: 0.175281: 0.637837524635
3: 319ee548: 0.559797: 0.31682535589
testing the ACG generator
random integers, floats & doubles
0: 5ae6c126: 0.941752: 0.369242470763
1: f4cc99d2: 0.956651: 0.634494324782
2: 5c3b00ed: 0.418954: 0.929449494014
3: 627137fe: 0.913327: 0.00431547887706
resetting the generator. Should get the same numbers
0: 5ae6c126: 0.941752: 0.369242470763
1: f4cc99d2: 0.956651: 0.634494324782
2: 5c3b00ed: 0.418954: 0.929449494014
3: 627137fe: 0.913327: 0.00431547887706
Using a different seed
0: cbda4069: 0.913194: 0.472678594691
1: ea25a3d6: 0.915639: 0.0382038284907
2: 60bd8523: 0.0316063: 0.784168412303
3: 16a769f9: 0.0873321: 0.834734757385
resetting the generator. Should get the same numbers
0: cbda4069: 0.913194: 0.472678594691
1: ea25a3d6: 0.915639: 0.0382038284907
2: 60bd8523: 0.0316063: 0.784168412303
3: 16a769f9: 0.0873321: 0.834734757385
OK
