Begin tTableQuantum.cc.
Adding column descriptors to the table...
Column's name is: ScaQuantDouble
Column's name is: ScaQuantComplex
Creating a null ScaQuantumCol()
Check if isNull and then throwIfNull
Object says it is null...attach a column
No longer null...good
Column's quantum units are: deg
Quantum 0: 0 deg
Quantum 1: 3.12 deg
Quantum 2: 6.24 deg
Quantum 3: 9.36 deg
Quantum 4: 12.48 deg
Quantum 0: 0 m/s.m-1.s.rad
Quantum 1: 0.0544543 m/s.m-1.s.rad
Quantum 2: 0.108909 m/s.m-1.s.rad
Quantum 3: 0.163363 m/s.m-1.s.rad
Quantum 4: 0.217817 m/s.m-1.s.rad
The units for ScaQuantComplex are variable.
getUnits() should produced an empty string: 
Complex quantum (var unit) 0: (4, 0.21) deg
Complex quantum (var unit) 1: (960000, 50400) ms
Complex quantum (var unit) 2: (960000, 50400) g.kg-1.s
Complex quantum (var unit) 3: (9.6e+28, 5.04e+27) Jy.kg-1.s3
Complex quantum (var unit) 4: (9.6e-07, 5.04e-08) GHz.s2
Complex quantum (var unit) 0: (0.0698132, 0.00366519) m/s.m-1.s.rad
Complex quantum (var unit) 1: (960, 50.4) m/s.m-1.s2
Complex quantum (var unit) 2: (960, 50.4) m/s.m-1.s2
Complex quantum (var unit) 3: (960, 50.4) m/s.m-1.s2
Complex quantum (var unit) 4: (960, 50.4) m/s.m-1.s2
Quantum<Double> (units (m/s)) 3.12 m/s
Quantum<Double> (units (GHz)) 6.24e-09 GHz.m

Finished test of Quantum scalar column...........

Start test of Quantum array column...........
Array Quantum Column is initially null.
Array quantum column: units are variable.
Axis Lengths: [3, 2]  (NB: Matrix in Row/Column order)
[1.41212 GHz, 1.4003 Jy
 1.4921 deg, 1.22 GHz
 1.4111 ms-1, 1.09091 g]

Axis Lengths: [3, 2]  (NB: Matrix in Row/Column order)
[1.41212e+09 m/s.m-1, 1.4003e-26 m/s.m-1.kg.s-1
 0.0260421 m/s.m-1.s.rad, 1.22e+09 m/s.m-1
 1411.1 m/s.m-1, 0.00109091 m/s.m-1.kg.s]

Axis Lengths: [3, 2]  (NB: Matrix in Row/Column order)
[1.41212 deg, 1.4003 deg
 1.4921 deg, 1.22 deg
 1.4111 deg, 1.09091 deg]

Axis Lengths: [3, 2]  (NB: Matrix in Row/Column order)
[0.0246461 m/s.m-1.s.rad, 0.0244398 m/s.m-1.s.rad
 0.0260421 m/s.m-1.s.rad, 0.021293 m/s.m-1.s.rad
 0.0246283 m/s.m-1.s.rad, 0.01904 m/s.m-1.s.rad]

Axis Lengths: [3, 2]  (NB: Matrix in Row/Column order)
[1.41212 m/s, 1.4003 m/s
 1.4921 m/s, 1.22 m/s
 1.4111 m/s, 1.09091 m/s]

Axis Lengths: [3, 2]  (NB: Matrix in Row/Column order)
[80.9085 deg.m.s-1.rad-1, 80.2313 deg.m.s-1.rad-1
 85.491 deg.m.s-1.rad-1, 69.9009 deg.m.s-1.rad-1
 80.8501 deg.m.s-1.rad-1, 62.5045 deg.m.s-1.rad-1]

End tTableQuantum.cc.
