------------ test functional expressions ------------
--- Check base -----
Unary operators with 2 characters:
Unary operators with 1 character:
03: !       :1:28:1:00:
02: +       :1:48:1:00:
01: -       :1:48:1:00:
Binary operators with 2 characters:
08: !=      :2:32:2:01:
10: &&      :2:20:2:01:
04: **      :2:44:2:01:
06: <=      :2:32:2:01:
07: ==      :2:32:2:01:
05: >=      :2:32:2:01:
09: ||      :2:20:2:01:
Binary operators with 1 character:
13: *       :3:40:2:01:
11: +       :3:36:2:01:
26: ,       :3:00:0:00:
12: -       :3:36:2:01:
14: /       :3:40:2:01:
15: <       :3:32:2:01:
16: >       :3:32:2:01:
04: ^       :3:44:2:01:
Special operations:
22: (       :4:60:0:00:
23: )       :4:00:0:00:
19: ARG     :4:60:0:-1:
17: CONST   :4:60:0:-1:
27: FINISH  :4:00:0:00:
18: PARAM   :4:60:0:-1:
24: [       :4:60:0:00:
25: ]       :4:00:0:00:
20: {       :4:60:0:00:
21: }       :4:00:0:00:
Functions:
42: abs     :5:60:1:01:
33: acos    :5:60:1:01:
52: ampl    :5:60:1:01:
32: asin    :5:60:1:01:
30: atan    :5:60:1:01:
31: atan2   :5:60:2:01:
44: ceil    :5:60:1:01:
49: complex :5:60:1:01:
29: cos     :5:60:1:01:
41: ee      :5:60:0:01:
34: exp     :5:60:1:01:
35: exp10   :5:60:1:01:
36: exp2    :5:60:1:01:
43: floor   :5:60:1:01:
47: fract   :5:60:1:01:
51: imag    :5:60:1:01:
46: int     :5:60:1:01:
37: ln      :5:60:1:01:
38: log     :5:60:1:01:
39: log2    :5:60:1:01:
53: phase   :5:60:1:01:
40: pi      :5:60:0:01:
50: real    :5:60:1:01:
45: round   :5:60:1:01:
28: sin     :5:60:1:01:
48: sqrt    :5:60:1:01:

--- Check expression syntax ----
Expression: '+-(25*30+2)--(75+2)'
17: CONST   :4:60:0:-1:
17: CONST   :4:60:0:-1:
13: *       :3:40:2:01:
17: CONST   :4:60:0:-1:
11: +       :3:36:2:01:
01: -       :1:48:1:00:
02: +       :1:48:1:00:
17: CONST   :4:60:0:-1:
17: CONST   :4:60:0:-1:
11: +       :3:36:2:01:
01: -       :1:48:1:00:
12: -       :3:36:2:01:
Value: -675
----------------------------------------------------
Expression: '1+2-3'
17: CONST   :4:60:0:-1:
17: CONST   :4:60:0:-1:
11: +       :3:36:2:01:
17: CONST   :4:60:0:-1:
12: -       :3:36:2:01:
Value: 0
----------------------------------------------------
Expression: '1+2/3'
17: CONST   :4:60:0:-1:
17: CONST   :4:60:0:-1:
17: CONST   :4:60:0:-1:
14: /       :3:40:2:01:
11: +       :3:36:2:01:
Value: 1.66667
----------------------------------------------------
Expression: '2^2^3'
17: CONST   :4:60:0:-1:
17: CONST   :4:60:0:-1:
17: CONST   :4:60:0:-1:
04: ^       :3:44:2:01:
04: ^       :3:44:2:01:
Value: 256
----------------------------------------------------
Expression: '1+(2+3'
Missing closing right parenthesis at: 
'1+(2+3'''
Value: No value returned
----------------------------------------------------
Expression: '1'
17: CONST   :4:60:0:-1:
Value: 1
----------------------------------------------------
Expression: ''
Unexpected EOS
Value: No value returned
----------------------------------------------------
Expression: 'pi'
40: pi      :5:60:0:01:
Value: 3.14159
----------------------------------------------------
Expression: 'sin(1)'
17: CONST   :4:60:0:-1:
28: sin     :5:60:1:01:
Value: 0.841471
----------------------------------------------------
Expression: 'cop(1)'
Unknown function name cop at: 
'cop''(1)'
Value: No value returned
----------------------------------------------------
Expression: 'pi(2)+1.5'
17: CONST   :4:60:0:-1:
40: pi      :5:60:0:01:
17: CONST   :4:60:0:-1:
11: +       :3:36:2:01:
Value: 7.78319
----------------------------------------------------
Expression: 'sin(1,2)'
Incorrect number of arguments in function at: 
'sin(1,2)'''
Value: No value returned
----------------------------------------------------
Expression: '2*p'
17: CONST   :4:60:0:-1:
18: PARAM   :4:60:0:-1:
13: *       :3:40:2:01:
Value: Unknown execution code 'PARAM': programming error
----------------------------------------------------
Expression: '2*p1'
17: CONST   :4:60:0:-1:
18: PARAM   :4:60:1:-1:
13: *       :3:40:2:01:
Value: Unknown execution code 'PARAM': programming error
----------------------------------------------------
Expression: '2*p[1]'
17: CONST   :4:60:0:-1:
18: PARAM   :4:60:0:-1:
13: *       :3:40:2:01:
Value: Unknown execution code 'PARAM': programming error
----------------------------------------------------
Expression: '2*x0'
17: CONST   :4:60:0:-1:
19: ARG     :4:60:0:-1:
13: *       :3:40:2:01:
Value: Unknown execution code 'ARG': programming error
----------------------------------------------------
Expression: 'sin(sin(2))'
17: CONST   :4:60:0:-1:
28: sin     :5:60:1:01:
28: sin     :5:60:1:01:
Value: 0.789072
----------------------------------------------------
Expression: 'x==0'
19: ARG     :4:60:0:-1:
17: CONST   :4:60:0:-1:
07: ==      :2:32:2:01:
Value: Unknown execution code 'ARG': programming error
----------------------------------------------------
Expression: '(x==0)+1'
19: ARG     :4:60:0:-1:
17: CONST   :4:60:0:-1:
07: ==      :2:32:2:01:
17: CONST   :4:60:0:-1:
11: +       :3:36:2:01:
Value: Unknown execution code 'ARG': programming error
----------------------------------------------------
Expression: '((x==0) * 1)+((x!=0) * sin(x+(x==0)*1)/(x+(x==0)*1))'
19: ARG     :4:60:0:-1:
17: CONST   :4:60:0:-1:
07: ==      :2:32:2:01:
17: CONST   :4:60:0:-1:
13: *       :3:40:2:01:
19: ARG     :4:60:0:-1:
17: CONST   :4:60:0:-1:
08: !=      :2:32:2:01:
19: ARG     :4:60:0:-1:
19: ARG     :4:60:0:-1:
17: CONST   :4:60:0:-1:
07: ==      :2:32:2:01:
17: CONST   :4:60:0:-1:
13: *       :3:40:2:01:
11: +       :3:36:2:01:
28: sin     :5:60:1:01:
13: *       :3:40:2:01:
19: ARG     :4:60:0:-1:
19: ARG     :4:60:0:-1:
17: CONST   :4:60:0:-1:
07: ==      :2:32:2:01:
17: CONST   :4:60:0:-1:
13: *       :3:40:2:01:
11: +       :3:36:2:01:
14: /       :3:40:2:01:
11: +       :3:36:2:01:
Value: Unknown execution code 'ARG': programming error
----------------------------------------------------
Expression: '+-(25*30+2)--(75+2)'
Value(3.5, 0): -675, -675
----------------------------------------------------
Expression: '1+2-3'
Value(3.5, 0): 0, 0
----------------------------------------------------
Expression: '1+2/3'
Value(3.5, 0): 1.66667, 1.66667
----------------------------------------------------
Expression: '2^2^3'
Value(3.5, 0): 256, 256
----------------------------------------------------
Expression: '1+(2+3'
Missing closing right parenthesis at: 
'1+(2+3'''
Value(3.5, 0): 0, 0
----------------------------------------------------
Expression: '1'
Value(3.5, 0): 1, 1
----------------------------------------------------
Expression: ''
Unexpected EOS
Value(3.5, 0): 0, 0
----------------------------------------------------
Expression: 'pi'
Value(3.5, 0): 3.14159, 3.14159
----------------------------------------------------
Expression: 'sin(1)'
Value(3.5, 0): 0.841471, 0.841471
----------------------------------------------------
Expression: 'cop(1)'
Unknown function name cop at: 
'cop''(1)'
Value(3.5, 0): 0, 0
----------------------------------------------------
Expression: 'pi(2)+1.5'
Value(3.5, 0): 7.78319, 7.78319
----------------------------------------------------
Expression: 'sin(1,2)'
Incorrect number of arguments in function at: 
'sin(1,2)'''
Value(3.5, 0): 0, 0
----------------------------------------------------
Expression: '2*p'
Value(3.5, 0): 3, 3
----------------------------------------------------
Expression: '2*p1'
Value(3.5, 0): 5, 5
----------------------------------------------------
Expression: '2*p[1]'
Value(3.5, 0): 3, 3
----------------------------------------------------
Expression: '2*x0'
Value(3.5, 0): 7, 0
----------------------------------------------------
Expression: 'sin(sin(2))'
Value(3.5, 0): 0.789072, 0.789072
----------------------------------------------------
Expression: 'x==0'
Value(3.5, 0): 0, 1
----------------------------------------------------
Expression: '(x==0)+1'
Value(3.5, 0): 1, 2
----------------------------------------------------
Expression: '((x==0) * 1)+((x!=0) * sin(x+(x==0)*1)/(x+(x==0)*1))'
Value(3.5, 0): -0.100224, 1
----------------------------------------------------
Expression: '+-(25*30+2)--(75+2)'
Value(3.5, 0): (-675, []), (-675, [])
----------------------------------------------------
Expression: '1+2-3'
Value(3.5, 0): (0, []), (0, [])
----------------------------------------------------
Expression: '1+2/3'
Value(3.5, 0): (1.66667, []), (1.66667, [])
----------------------------------------------------
Expression: '2^2^3'
Value(3.5, 0): (256, []), (256, [])
----------------------------------------------------
Expression: '1+(2+3'
Missing closing right parenthesis at: 
'1+(2+3'''
Value(3.5, 0): (0, []), (0, [])
----------------------------------------------------
Expression: '1'
Value(3.5, 0): (1, []), (1, [])
----------------------------------------------------
Expression: ''
Unexpected EOS
Value(3.5, 0): (0, []), (0, [])
----------------------------------------------------
Expression: 'pi'
Value(3.5, 0): (3.14159, []), (3.14159, [])
----------------------------------------------------
Expression: 'sin(1)'
Value(3.5, 0): (0.841471, []), (0.841471, [])
----------------------------------------------------
Expression: 'cop(1)'
Unknown function name cop at: 
'cop''(1)'
Value(3.5, 0): (0, []), (0, [])
----------------------------------------------------
Expression: 'pi(2)+1.5'
Value(3.5, 0): (7.78319, []), (7.78319, [])
----------------------------------------------------
Expression: 'sin(1,2)'
Incorrect number of arguments in function at: 
'sin(1,2)'''
Value(3.5, 0): (0, []), (0, [])
----------------------------------------------------
Expression: '2*p'
Value(3.5, 0): (3, [2]), (3, [2])
----------------------------------------------------
Expression: '2*p1'
Value(3.5, 0): (5, [0, 2]), (5, [0, 2])
----------------------------------------------------
Expression: '2*p[1]'
Value(3.5, 0): (3, [2]), (3, [2])
----------------------------------------------------
Expression: '2*x0'
Value(3.5, 0): (7, []), (0, [])
----------------------------------------------------
Expression: 'sin(sin(2))'
Value(3.5, 0): (0.789072, []), (0.789072, [])
----------------------------------------------------
Expression: 'x==0'
Value(3.5, 0): (0, []), (1, [])
----------------------------------------------------
Expression: '(x==0)+1'
Value(3.5, 0): (1, []), (2, [])
----------------------------------------------------
Expression: '((x==0) * 1)+((x!=0) * sin(x+(x==0)*1)/(x+(x==0)*1))'
Value(3.5, 0): (-0.100224, []), (1, [])
----------------------------------------------------
