Test Earth Magnetic field machine
--------------------------------------
Date:      1998/05/18
Position:  [6.36457e+06, 0.115264, 0.92034]
           [6.60417, 52.7316] deg
           6364.57 km
Result:    [41637.4, 1822.27, 24904.1]
----------- H=0 -- El=90 ------
LOS:           44992
LOS:           0.44992 G
Long:          0.115264
Long:          6.60417 deg
LOS:           44992
LOS:           0.44992 G
----------- H=0 -- El=90 ------
LOS:           44992
LOS:           0.44992 G
Long:          0.115264
Long:          6.60417 deg
LOS:           44992
LOS:           0.44992 G
----------- Along field ------
LOS:           34958.5
LOS:           0.349585 G
Long:          0.115264
Long:          6.60417 deg
LOS:           34958.5
LOS:           0.349585 G
----------- Ha=0 -- Dec= 52.7316 ------
LOS:           44992
LOS:           0.44992 G
Long:          0.115264
Long:          6.60417 deg
LOS:           44992
LOS:           0.44992 G
----------- H=0 -- El=45 ------
LOS:           19085.1
LOS:           0.190851 G
Long:          0.115264
Long:          6.60417 deg
LOS:           19085.1
LOS:           0.190851 G
----------- H=200 -- El=45 ------
LOS:           19599.5
LOS:           0.195995 G
Long:          0.115264
Long:          6.60417 deg
LOS:           19599.5
LOS:           0.195995 G
----------- H=200 -- El=0 -- N ----
LOS:           870.812
LOS:           0.00870812 G
Long:          0.115264
Long:          6.60417 deg
LOS:           870.812
LOS:           0.00870812 G
----------- H=200 -- El=5 -- E ----
LOS:           3054.31
LOS:           0.0305431 G
Long:          0.39911
Long:          22.8673 deg
LOS:           3054.31
LOS:           0.0305431 G
----------- H=200 -- El=5 -- W ----
LOS:           7554.15
LOS:           0.0755415 G
Long:          -0.168581
Long:          -9.659 deg
LOS:           7554.15
LOS:           0.0755415 G
------------- recalculate ----------
LOS:           0.0755415 G
------------- use set() ------------
LOS:           0.0755415 G
LOS:           0.0755415 G
LOS:           7554.15
LOS:           0.0755415 G
Long:          -0.168581
Long:          -9.659 deg
Field:         [38710.4, 379.621, 21092.1]
Field:         [38710.4, 379.621, 21092.1]
Pos:           [4.01992e+06, -684178, 5.14449e+06]
Pos:           [4.01992e+06, -684178, 5.14449e+06]
LOS:           0.0755415 G
------------- iterate height ------------
LOS:           0.0755415 G
LOS:           7554.15
LOS:           0.0755415 G
Long:          -0.168581
Long:          -9.659 deg
Field:         [38710.4, 379.621, 21092.1]
Pos:           [4.01992e+06, -684178, 5.14449e+06]
LOS 190:       0.0755098 G
LOS 200:       0.0755415 G
LOS 210:       0.0755725 G
