Test Earth Magnetic field values
--------------------------------------
Date:      1998/05/18
Position:  [6.36457e+06, 0.115264, 0.92034]
           [6.60417, 52.7316] deg
----- IGRF coefficients
Field      [-29622.6, -1745.14, 5256.26, -2241.53, 3086.48, -2406.61, 1682.3, -454.689, 1334.06, -2289.59, -249.168, 1248.33, 309.422, 741.673, -446.822, 943.699, 785.036, 268.073, 267.721, -227.952, -419.313, 107.109, 100.481, -304.374, -207.301, 352.337, 44.6747, 231.939, 161.048, -128.747, -150.988, -167.337, -57.9273, -18.2405, 102.036, 67.6869, 62.6505, -14.9879, 67.0242, 71.6021, -165.59, 66.3253, 1.32526, -60.0363, 16.3253, 7.37372, -94, 35.4222, 77.3253, -69.699, -74.301, -1.02423, -24.3253, 31.0242, 5.02423, 8.04846, 20.6505, 8.33737, 16, 10.6747, -24.0121, -4.02423, -3, 25.0121, 3.32526, 13.3495, -0.662628, -20.6747, -7.65051, 7.67474, -17.7111, -18.6384, 5.01211, 12, 5.67474, 5.95154, -3.03634, -19.3616, -8.01211, -12.0242, 4, 9, -19, 1, 15, -12, 11, 9, -7, -4, -7, -2, 9, 7, 7, 0, -8, -6, 1, -3, -4, 2, 2, 1, -5, 3, -2, 6, 4, -4, 3, 0, 1, -2, 3, 3, 3, -1, 0, -6]
             120
Result:    [12747.6, 1091.33, 47047]
Derivatives: 
     [-0.00314578, -0.00108743, -0.0146417]
     [-0.000363059, 0.005059, -0.00133054]
     [-0.00606614, -0.00128894, -0.01492]
--------- From derivatives ----------
+10km X:   [12716.1, 1080.46, 46900.6]
-10km X:   [12779, 1102.2, 47193.4]
+10km Y:   [12744, 1141.92, 47033.7]
-10km Y:   [12751.2, 1040.74, 47060.3]
+10km Z:   [12686.9, 1078.44, 46897.8]
-10km Z:   [12808.2, 1104.22, 47196.2]
--------- From scratch ----------
+10km X:   [12716.1, 1080.46, 46900.6]
-10km X:   [12778.9, 1102.24, 47193.7]
+10km Y:   [12744, 1141.92, 47033.7]
-10km Y:   [12751, 1040.63, 47060]
+10km Z:   [12686.9, 1078.44, 46897.8]
-10km Z:   [12808.6, 1104.34, 47196.8]
--------- From refresh ----------
+10km X:   [12716.1, 1080.46, 46900.6]
-10km X:   [12778.9, 1102.24, 47193.7]
+10km Y:   [12744, 1141.92, 47033.7]
-10km Y:   [12751, 1040.63, 47060]
+10km Z:   [12686.9, 1078.44, 46897.8]
-10km Z:   [12808.6, 1104.34, 47196.8]
------------------------------------------
