Test Earth Magnetic field
--------------------------------------
Result:    [4.91732e-05, 1.39781e-05, 2.61402e-05]
Strength:  0.574169 G
Direction: [15.8685, 27.0822] deg
