Test measure class MVAngle
--------------------------------------
Degrees:  191
Radians:  3.33358
Fraction: 0.530556
Degrees:  -169
Radians:  -2.94961
Fraction: -0.469444
Degrees:  911
Degrees:  -529
Fraction: 0.530556
Prec =2=: +191..
Prec =4=: +191.00.
Prec =6=: +191.00.00
Prec =8=: +190.59.59.95
Clean=2=:  191
Time = =: 12:43:59
CNO_H= =: 43:59
Days:       44362.6
Hours:      1.0647e+06
Seconds:    3.83293e+09
Minutes:    6.38821e+07
Prec =6=:   14:24:00
Day:        Sat-14:24:00
YMD:        1980/05/03/14:24:00
DMY:        03-May-1980/14:24:00
Day+DMY:    Sat-03-May-1980/14:24:00
Day+YMD:    Sat-1980/05/03/14:24:00
Weekday:    6
yyyy mm dd: 1980 5 3
yyyymmdd:   19800503
Yearday:    124
Yearweek:   18
Week 960101:1
Read it back:
Prec =6=:   14:24:00
Day:        Sat-14:24:00
YMD:        1980/05/03/14:24:00
DMY:        03-May-1980/14:24:00
Day+DMY:    Sat-03-May-1980/14:24:00
Day+YMD:    Sat-1980/05/03/14:24:00
Day (NO_T): Sat
Day+YMD:    Sat-1980/05/03
Day+YMD:    Sat-1980/05/03
Test measure class ...
--------------------------------------
Epoch B1950: Epoch: 33281::22:09:46.8619
Epoch 2000: Epoch: 51544::12:00:00.0000
Epoch reference: Reference for an Epoch with Type: TAI
Epoch 2000 ref B1950: Epoch: 18262::13:50:13.1381
Epoch reference: Reference for an Epoch with Type: TAI, Offset: Epoch: 33281::22:09:46.8619
Test measure conversion ...
--------------------------------------
Converted Epoch: 18262::13:50:13.1381
 to Reference for an Epoch with Type: TAI
 as Epoch: 51544::12:00:00.0000
Converted Epoch: 18262::13:50:13.1381
 to Reference for an Epoch with Type: UTC
 as Epoch: 51544::11:59:29.0000
Converted Epoch: 50082::00:00:00.0000
 to Reference for an Epoch with Type: GMST1
 as Epoch: 56791::06:35:48.3230
Converted Epoch: 50082::17:21:20.6108
 to Reference for an Epoch with Type: GMST1
 as Epoch: 56792::00:00:00.0000
Converted Epoch: 44238::00:00:00.0000
 to Reference for an Epoch with Type: GMST1
 as Epoch: 50931::06:35:18.7565
Converted back Epoch: 50931::06:35:18.7565
 to Reference for an Epoch with Type: UT1
 as Epoch: 44237::23:59:60.0000
Converted Epoch: 50082::00:00:00.0000
 to Reference for an Epoch with Type: GAST
 as Epoch: 56791::06:35:48.7519
Converted back Epoch: 56791::06:35:48.7519
 to Reference for an Epoch with Type: UT1
 as Epoch: 50081::23:59:60.0000
LSR (B1900): [-90, 30] deg
LSR (B1950): [-89.5206, 30.0012] deg
LSR (J2000): [-89.0405, 30.0047] deg
LSR (B1900): [-1.59086e-16, -0.866025, 0.5]
LSR (B1950): [0.00724658, -0.865985, 0.500018]
LSR (J2000): [0.0145021, -0.865863, 0.500071]
LSR frame: Frame: Direction: [-1.59086e-16, -0.866025, 0.5]
        (J2000 = [-89.0405, 30.0047] deg)
Radial velocity (BARY): Radialvelocity: 1e+06
                 (GEO): 1.02688e+06
and back: 999999
and 0 (GEO) to TOPO: 1.35506e-11
and back: 0
and 0 (BARY) to LSR: 3347.86
and back: 0
Test real radial velocity
-----------------------------------------
Frame: Epoch: 50217::15:00:00.0000 (TDB = 50217.6)
       Position: [6.00587, 0.695346, 7.9653]
        (Longitude = 0.115265 Latitude = 0.918296)
       Direction: [-0.846092, -0.0803642, 0.526943]
        (J2000 = [-173.951, 31.5223] deg)
[-173.993, 31.5433] deg
[-0.847565, -0.0891916, 0.523143]
56927::06:56:56.6228
16085.3
[-0.847565, -0.0891916, 0.523143]
Aberration: [7.87739e-05, -5.38236e-05, -2.33309e-05]
22015.2
Converted Epoch: 50272::09:44:30.0000
 to Reference for an Epoch with Type: GMST1
 as Epoch: 56982::04:50:59.8613
Converted Epoch: 50272::09:44:30.0000
 to Reference for an Epoch with Type: GAST
 as Epoch: 56982::04:51:00.1311
Converted Epoch: 50272::09:44:30.0000
 to Reference for an Epoch with Type: LAST,
Frame: Position: [1.07394e-07, -6.33753e-07, 7.66044e-07]
        (Longitude = -1.40293 Latitude = 0.872665)
 as Epoch: 56981::23:29:28.4118
Converted back Epoch: 56981::23:29:28.4118
 to Reference for an Epoch with Type: UT1
 as Epoch: 50272::09:44:30.0000
Converted Epoch: 50272::09:44:30.0000
 to Reference for an Epoch with Type: LAST, Offset: Epoch: 50272::09:44:30.0000,
Frame: Position: [1.07394e-07, -6.33753e-07, 7.66044e-07]
        (Longitude = -1.40293 Latitude = 0.872665)
 as Epoch: 0::23:29:28.4118
Test MeasFrame ...
--------------------------------------
Epoch B1950: Epoch: 33281::22:09:46.8619
Frame: Epoch: 33281::22:09:46.8619 (TDB = 33281.9)
Test coordinate conversion ...
--------------------------------------
Converted B1950 galactic pole Direction: [-0.867601, -0.188375, 0.4602]
 to Reference for an Direction with Type: GALACTIC
 as [-58.3295, 90] deg
Converted B1950 galactic pole Direction: [-0.867601, -0.188375, 0.4602]
 to Reference for an Direction with Type: B1950
 as [119.879, 29.4091] deg
Converted J2000 coordinates [-0.373799, -0.312643, -0.873229] to: [-0.374478, -0.31236, -0.873039]
Converted back to J2000 coordinates [-0.374478, -0.31236, -0.873039] to: [-0.373799, -0.312643, -0.873229]
Converted B1950 to J2000 coordinates [-0.373799, -0.312643, -0.873229] to: [-0.366031, -0.31678, -0.875027]
Converted J2000 to B1950 coordinates [-0.366031, -0.31678, -0.875027] to: [-0.373799, -0.312643, -0.873229]
Converted geodetic position: 
16 m, [6.60417, 52.9169] deg
to: 6.36458e+06 m, [6.60417, 52.7316] deg
Converted geocentric position: 
6.36458e+06 m, [6.60417, 52.7316] deg
to: 16 m, [6.60417, 52.9169] deg
J2000 coordinates: [-140.091, -60.836] deg
Apparent coordinate[-140.168, -60.8138] deg
Longitude: 6.60417 deg
Latitude:  52.7316 deg
LAST:      07:02:13.75
LAST:      +105.33.26.29
LAST:      Epoch: 56791::07:02:13.7527
HA/DEC: [-114.275, -60.8138] deg
Back:   [-140.168, -60.8139] deg
Az/El:  [129.705, -54.7033] deg
Back:   [-114.275, -60.8138] deg
Converted to B1950 coordinates [85.4267, 49.8502] deg to: [84.6813, 49.8286] deg
and back to: [85.4267, 49.8502] deg
Rotation angle: 0.335234 deg
