Test measure class Muvw
--------------------------------------
uvw: [100, 10, 0]
uvw: uvw: [100, 10, 0]
uvw reference: Reference for an uvw with Type: ITRF,
Frame: Epoch: 50927::22:18:12.3840
       Position: [-4.75092e+06, 2.79291e+06, -3.20048e+06]
uvw reference: Reference for an uvw with Type: J2000
Test uvw conversion ...
--------------------------------------
Converted uvw: [100, 10, 0]
 to Reference for an uvw with Type: J2000
 as uvw: [-100.459, -2.80949, -0.018054]
Back      uvw: [-100.459, -2.80949, -0.018054]
 as uvw: [100, 10, -8.93112e-18]
--------------------------------------
Make uvw from Baseline
Baseline: [100, 10, 1][5.71059, 0.570096] deg
Direction:[0.612372, 0.353553, 0.707107][30, 45] deg
uvw:      [41.3397, 64.0657, 65.4799][57.167, 40.6561] deg
--------------------------------------
Testing all conversions forward/backward
All forward/backward conversions: ok
--------------------------------------
Exercise all MVuvw function
putValue:       [23 m, 23 m, 23 m], [23, 23, 23]
uvwAngle:  -2.1853
uvwAngle:  -125.209 deg
get:            [39.8372, 0.785398, 0.61548]
getRecordValue: [0.785398 rad, 0.61548 rad, 39.8372 m]
separation:     3.14159
separation:     180 deg
crossProduct:   [-230, 2300, -2070]
getAngle:       [0.785398, 0.61548] rad
getAngle:       [45, 35.2644] deg
getlength:      3983.72 cm
radius:         39.8372
getXRecordValue:[23 m, 23 m, 23 m]
putVector:      [30, 40, 0], [30, 40, 0]
VQ constructor: [23, 23, 23]
Pos constructor:[-7.07107, 3.03085e-15, 49.4975]
Q constructor:  [0, 0, 50]
QV constructor: [0.57735, 0.57735, 0.57735]
QV constructor: [19.6299, 19.6299, 19.6299]
V constructor:  [30, 40, 0]
D constructor:  [0, 0, 78]
operator+:      [53, 63, 23]
operator-:      [7, 17, -23]
operator-pre-:  [-23, -23, -23]
operator*:      [23, 19.7536, 25.8418]
operator*:      [46, 46, 46]
assert:         ok
getLength:      50 m
operator*:      2500
operator*       1610
operator*:      2500
clone:          [30, 40, 0]
getVector:      [30, 40, 0]
near:           0
near:           0
nearAbs:        0
!=:             1
==:             0
type:           3
All MVuvw functions: ok
----------------------------
Exercise all Muvw function
getType:        1, 10
giveMe:         1, Reference for an uvw with Type: AZEL
setRefString:   1, uvw: [100, 10, 0]
assert:         ok
clone:          uvw: [100, 10, 0]
get:            [10000, 1000, 0] cm
getAngle:       [5.71059, 0] deg
getDefaultType: ITRF
getRefString:   HADEC
myType:         4
type:           4
All Muvw functions: ok
---------------------------
