1 Axis Lengths: [4, 3]  (NB: Matrix in Row/Column order)
[1, 1, 1
 1, 1, 1
 1, 1, 1
 1, 1, 1]

[3, 3][6, 5][4, 3][11, 20]
[3, 6, 6, 3, 3][3, 3, 5, 5, 3]
1 Axis Lengths: [6, 3]  (NB: Matrix in Row/Column order)
[1, 1, 1
 1, 1, 1
 1, 1, 1
 1, 1, 1
 0, 1, 1
 0, 0, 1]

[3, 3][8, 5][6, 3][11, 20]
[3, 6, 8, 3, 3][3, 3, 5, 5, 3]
1 Axis Lengths: [4, 3]  (NB: Matrix in Row/Column order)
[1, 1, 1
 1, 1, 1
 1, 1, 1
 0, 1, 1]

[3, 3][6, 5][4, 3][11, 20]
[3, 5, 6, 6, 3, 3][3, 3, 4, 5, 5, 3]
1 Axis Lengths: [6, 3]  (NB: Matrix in Row/Column order)
[1, 1, 1
 1, 1, 1
 1, 1, 1
 1, 1, 1
 0, 1, 1
 0, 1, 0]

[3, 3][8, 5][6, 3][11, 20]
[3, 5, 8, 6, 3, 3][3, 3, 4, 5, 5, 3]
1 Axis Lengths: [4, 4]  (NB: Matrix in Row/Column order)
[1, 1, 0, 1
 0, 1, 1, 1
 0, 1, 1, 1
 0, 1, 1, 1]

[2, 2][5, 5][4, 4][11, 20]
[3, 5, 5, 2, 3, 2, 2, 3][3, 3, 5, 5, 4, 3, 2, 3]
1 Axis Lengths: [4, 4]  (NB: Matrix in Row/Column order)
[1, 1, 0, 0
 0, 1, 1, 1
 0, 1, 1, 1
 0, 1, 1, 1]

[2, 2][5, 5][4, 4][11, 20]
[3, 5, 5, 3, 3, 2, 2, 3][3, 3, 5, 5, 4, 3, 2, 3]
1 Axis Lengths: [7, 6]  (NB: Matrix in Row/Column order)
[1, 1, 1, 1, 1, 1
 1, 1, 1, 1, 1, 1
 1, 1, 1, 1, 1, 1
 1, 1, 1, 0, 1, 1
 1, 1, 1, 1, 1, 1
 1, 1, 1, 1, 1, 1
 1, 1, 1, 1, 1, 1]

[3, 3][9, 8][7, 6][11, 20]
[3, 9, 9, 3, 3, 5, 7, 7, 5, 5, 3][3, 3, 8, 8, 3, 5, 5, 7, 7, 5, 3]
1 Axis Lengths: [7, 6]  (NB: Matrix in Row/Column order)
[1, 1, 1, 1, 1, 1
 1, 1, 1, 1, 1, 1
 1, 1, 1, 1, 1, 1
 1, 1, 1, 0, 1, 1
 1, 1, 1, 0, 1, 1
 1, 1, 1, 1, 1, 1
 1, 1, 1, 1, 1, 1]

[3, 3][9, 8][7, 6][11, 20]
[3, 9, 9, 3, 3, 5, 8, 7, 5, 5, 3][3, 3, 8, 8, 3, 5, 4, 7, 7, 5, 3]
1 Axis Lengths: [7, 6]  (NB: Matrix in Row/Column order)
[1, 0, 0, 0, 0, 1
 1, 1, 0, 0, 1, 1
 1, 1, 1, 1, 1, 1
 1, 1, 1, 1, 1, 1
 1, 1, 1, 1, 1, 1
 1, 1, 0, 0, 1, 1
 1, 0, 0, 0, 0, 1]

[3, 3][9, 8][7, 6][11, 20]
[3, 9, 3, 9, 3][3, 3, 8, 8, 3]
1 Axis Lengths: [7, 5]  (NB: Matrix in Row/Column order)
[0, 0, 0, 1, 0
 1, 0, 1, 1, 0
 1, 1, 1, 1, 0
 0, 1, 1, 1, 1
 1, 1, 1, 1, 0
 1, 0, 1, 1, 0
 0, 0, 0, 1, 0]

[0, 0][6, 4][7, 5][11, 20]
[1, 3, 5, 0, 6, 1][0, 4, 0, 3, 3, 0]
OK
